// Jest Snapshot v1, https://goo.gl/fbAQLP

exports[`LandingPage component renders the LandingPage 1`] = `
<div
  className="landing-page-description"
>
  <img
    alt="Logan Krumbhaar's Forum"
    className="forum-logo"
    src="/assets/logo.svg"
  />
  <h1>
    Welcome to my forum
  </h1>
  <p>
    Click the "View boards" button in the navigation bar above to start browsing the various categories and topics.
  </p>
  <p>
    To login to a demo account, use the username "test" with the password "abc123".
  </p>
  <p>
    <a
      href="https://github.com/krogank9/forum-client"
    >
      Client
    </a>
    : React, HTML, CSS. 
    <a
      href="https://github.com/krogank9/forum-server"
    >
      Server
    </a>
    : Node, ExpressJS, PostgreSQL.
  </p>
  <p>
    Created by 
    <a
      href="http://ltkdigital.com"
    >
      Logan Krumbhaar
    </a>
    .
  </p>
</div>
`;
